package unindent

func InitByIfOnly(x int) int {
	if y := 1; x > 1 {
		return y
	}

    return x
}

func InitByIfAndElse(x int) int {
    y := 1
	if x > 1 {
		return y
	}

	return x * y
}

func InitByIfAndElseMulti(x int) int {
	y := 1
    if x > 1 {
		return y
	}

    if x < 10 { // want `^Unnecessary "else": preceding conditions always end in a "return", "break" or "continue". Move variable declaration "y := 1" before the "if", and remove the "else", leaving "if x < 10 { ... }"$`
		return y - x
	}

    return x * y
}

func InitMultiByIfAndElse(x int) int {
	y, z := 1, 2
    if x > 1 {
		return y
	}

    return x * y * z
}
