package unindent

import "strconv"

func Empty() {}

func EmptyElse(x, y int) int {
	if x > y {
		return x
	}

	// want `^Unnecessary "else": preceding conditions always end in a "return". Remove the "else" wrapping the block of statements$`
	// Continue

	return y
}

func Ident(x int) int {
	return x
}

func IfEmpty(x, y int) int {
	if x > y {
		// Continue
	}

	return y
}

func MaxOk(x, y int) int {
	if x > y {
		return x
	}

	return y
}

func MaxReturnWithElse(x, y int) int {
	if x > y {
		return x
	}

	return y
}

func MaxReturnMulti(x, y int) int {
	if x > y {
		return x
	}

	if x == y { // want `^Unnecessary "else": preceding conditions always end in a "return". Remove the "else", leaving "if x == y { ... }"$`
		return x
	}

	return y
}

func MaxAssign(x, y int) int {
	var max int

	if x > y {
		max = x
	} else {
		max = y
	}

	return max
}

func MaxAssignReturn(x, y int) int {
	var max int

	if x > y {
		max = x
	} else {
		// Note: "else" required as "if" doesn't return, but it could be inverted or otherwise simplified if we can detect that in the future
		return y
	}

	return max
}

func MaxAssignReturnMulti(x, y int) int {
	var max int

	if x > y {
		max = x
	} else if x == y {
		return x
	} else {
		// Note: "else" required as "if" doesn't return, but it could be inverted or otherwise simplified if we can detect that in the future
		return y
	}

	return max
}

func MaxReturnAssign(x, y int) int {
	var max int

	if x > y {
		return x
	}

	max = y

	return max
}

func MaxUpdateIf(x, y int) int {
	max := x

	if x < y {
		max = y
	}

	return max
}

func Sign(x int) int {
	sign := 1
	if x > 0 {
		return sign
	}

	return -sign
}

func SignWithInit(x int) int {
	sign := 1
	if x > 0 {
		return sign
	}

	return -sign
}

func FizBuzz(x int) string {
	fizz := "fizz"
	buzz := "buzz"

	if x%3 == 0 && x%5 == 0 {
		return fizz + buzz
	}

	if x%3 == 0 { // want `^Unnecessary "else": preceding conditions always end in a "return". Remove the "else", leaving "if x%3 == 0 { ... }"$`
		return fizz
	}

	if x%5 == 0 { // want `^Unnecessary "else": preceding conditions always end in a "return". Remove the "else", leaving "if x%5 == 0 { ... }"$`
		return buzz
	}

	return strconv.Itoa(x)
}

func Contains(s []int, x int) (attempts int, present bool) {
	for _, v := range s {
		if v == x {
			return attempts, true
		}

		attempts++
	}

	return attempts, false
}
